// Jest Snapshot v1, https://goo.gl/fbAQLP

exports[`should render Header correctly 1`] = `
<header>
  <h1>
    ExpensifyApp
  </h1>
  <[object Object]
    activeClassName="is-active"
    exact={true}
    to="/"
  >
    Dashboard
  </[object Object]>
  <[object Object]
    activeClassName="is-active"
    to="/create"
  >
    Create Expense
  </[object Object]>
  <[object Object]
    activeClassName="is-active"
    to="/help"
  >
    QA
  </[object Object]>
</header>
`;
