// Jest Snapshot v1, https://goo.gl/fbAQLP

exports[`should render NotFoundPage 1`] = `
<div>
  404 | 
  <[object Object]
    to="/"
  >
    Go Home
  </[object Object]>
</div>
`;
